### FORMAT: TAG | VALUE
### ALL AVAILABLE TAGS:
### OUTPUTID	: VARIABLE NAME FOR OUTPUT
### COUNT		: OUTPUT NUMBER, e.g., 2 WHEN OUTPUT PET WITH AGGREGATION TYPE OF SUM AND MEAN.
### TYPE		: DATA AGGREGATION TYPE, e.g., SUM, AVE, MAX, etc.
### STARTTIME	: DATA DERIVED TIME START
### ENDTIME		: DATA DERIVED TIME END
### FILENAME	: OUTPUT FILENAME WITH SUFFIX, e.g., txt, asc, tif.

### -1 Module IO TEST
OUTPUTID|CN2_M
COUNT | 1
TYPE | MEAN
STARTTIME|2014-01-01 00:00:00
ENDTIME|2014-12-31 00:00:00
FILENAME | CN2_M.tif

OUTPUTID|K_M
COUNT | 1
TYPE | MAX
STARTTIME|2014-01-01 00:00:00
ENDTIME|2014-12-31 00:00:00
FILENAME | K_M.tif
